// Jest Snapshot v1, https://goo.gl/fbAQLP

exports[`DishImageLarge tests renders the DishImageLarge component correctly 1`] = `
<div>
  <img
    alt="soup"
    class="img"
    src="https://d.newsweek.com/en/full/1552244/variety-chinese-food.jpg"
  />
</div>
`;
