// Jest Snapshot v1, https://goo.gl/fbAQLP

exports[`Error tests renders the Error component correctly 1`] = `
<div>
  <div
    class="notfound"
  >
    <div
      class="notfound_404"
    >
      <img
        src="https://www.clintar.com/images/error-404.png"
      />
    </div>
    <div
      class="pageNotfound"
    >
      PAGE NOT FOUND
    </div>
    <div
      class="explanation"
    >
      The page you are looking for might have been removed or is temporaily unavailable
    </div>
    <div
      class="button"
    >
      <button
        class="button"
      >
        GO TO HOMEPAGE
      </button>
    </div>
  </div>
</div>
`;
