// Jest Snapshot v1, https://goo.gl/fbAQLP

exports[`Cart tests renders the cart component correctly 1`] = `
<div>
  <div>
    <div
      class="cart_container"
    >
      <div
        class="title_row"
      >
        <div
          class="index"
        >
          <h4>
            Index
          </h4>
        </div>
        <div
          class="dishName"
        >
          <h4>
            Name
          </h4>
        </div>
        <div
          class="quantity"
        >
          <h4>
            Quantity
          </h4>
        </div>
        <div
          class="price"
        >
          <h4>
            Price
          </h4>
        </div>
      </div>
      <div>
        You didn't put anything into the Cart!
      </div>
      <div
        class="bottom_row"
      >
        <div>
          <h4>
            Total: 
          </h4>
        </div>
        <div>
          <h4>
            $88.00
          </h4>
        </div>
      </div>
      <div
        class="button"
      >
        <a
          href="/checkout"
        >
          <button
            class="button"
          >
            Checkout
          </button>
        </a>
      </div>
    </div>
  </div>
</div>
`;
