// Jest Snapshot v1, https://goo.gl/fbAQLP

exports[`Menu tests renders the menu component correctly 1`] = `
<div>
  <div>
    You have no data!
  </div>
</div>
`;
